// Vitest Snapshot v1

exports[`mount component 1`] = `
"<div class=\\"EFormControl EFormControl--field EInput EInput--md EInput--primary\\">
  <!--v-if-->
  <!--v-if-->
  <div class=\\"EInput-inner\\">
    <div class=\\"EInput-element\\"><input id=\\"id\\" type=\\"text\\" /></div>
  </div>
  <!--v-if-->
  <!--v-if-->
</div>"
`;
