// Vitest Snapshot v1

exports[`mount component 1`] = `
"<div id=\\"e-modal-ref\\" style=\\"display: inline;\\">
  <!--v-if-->
</div>"
`;
