// Vitest Snapshot v1

exports[`mount component 1`] = `
"<div class=\\"EFormControl ESwitch ESwitch--md ESwitch--primary\\">
  <div class=\\"ESwitch-inner\\">
    <div><input id=\\"id\\" type=\\"checkbox\\" />
      <div class=\\"ESwitch-box\\">
        <div class=\\"ESwitch-inner-box\\"><span class=\\"EIcon check ESwitch-icon\\" aria-hidden=\\"true\\"></span><span class=\\"EIcon x ESwitch-icon\\" aria-hidden=\\"true\\"></span></div>
      </div>
      <!--v-if-->
    </div>
    <!--v-if-->
  </div>
</div>"
`;
