// Vitest Snapshot v1

exports[`mount component 1`] = `
"<div class=\\"EFormControl EFormControl--field ETextarea ETextarea--md ETextarea--primary\\">
  <!--v-if-->
  <!--v-if-->
  <div class=\\"ETextarea-inner\\"><textarea id=\\"id\\" style=\\"resize: both;\\"></textarea></div>
  <!--v-if-->
  <!--v-if-->
</div>"
`;
