// Vitest Snapshot v1

exports[`mount component 1`] = `
"<div class=\\"EFormControl ERadio ERadio--md ERadio--primary\\">
  <div class=\\"ERadio-inner\\">
    <div><input id=\\"id\\" type=\\"radio\\" />
      <div class=\\"ERadio-box\\">
        <div class=\\"ERadio-inner-box\\"></div>
      </div>
      <!--v-if-->
    </div>
    <!--v-if-->
  </div>
</div>"
`;
